python : 
qiskit_runtime_service.__init__:WARNING:2026-03-31 
14:59:06,232: Instance was not set at service 
instantiation. Free and trial plan instances will be 
prioritized. Based on the following filters: (tags: 
None, region: us-east, eu-de), and available plans: 
(open), the available account instances are: 
CAPSTONE_PROJECT. If you need a specific instance 
set it explicitly either by using a saved account 
with a saved default instance or passing it in 
directly to QiskitRuntimeService().
At line:1 char:1
+ python test_hardware_fetch.py > test_output.txt 
2>&1
+ 
~~~~~~~~~~~~~~~~~~~~~~~~~~~~~~~~~~~~~~~~~~~~~~~~~~~~
    + CategoryInfo          : NotSpecified: (qisk    
it_runtime_...ntimeService().:String) [], Rem    
oteException
    + FullyQualifiedErrorId : NativeCommandError
 
qiskit_runtime_service._discover_account:WARNING:2026
-03-31 14:59:06,232: Loading account with the given 
token. A saved account will not be used.
qiskit_runtime_service.__init__:WARNING:2026-03-31 
14:59:10,695: Instance was not set at service 
instantiation. Free and trial plan instances will be 
prioritized. Based on the following filters: (tags: 
None, region: us-east, eu-de), and available plans: 
(open), the available account instances are: 
CAPSTONE_PROJECT. If you need a specific instance 
set it explicitly either by using a saved account 
with a saved default instance or passing it in 
directly to QiskitRuntimeService().
qiskit_runtime_service.backends:WARNING:2026-03-31 
14:59:10,695: Loading instance: CAPSTONE_PROJECT, 
plan: open
qiskit_runtime_service._discover_account:WARNING:2026
-03-31 14:59:18,126: Loading account with the given 
token. A saved account will not be used.
qiskit_runtime_service.__init__:WARNING:2026-03-31 
14:59:22,684: Instance was not set at service 
instantiation. Free and trial plan instances will be 
prioritized. Based on the following filters: (tags: 
None, region: us-east, eu-de), and available plans: 
(open), the available account instances are: 
CAPSTONE_PROJECT. If you need a specific instance 
set it explicitly either by using a saved account 
with a saved default instance or passing it in 
directly to QiskitRuntimeService().
qiskit_runtime_service.backends:WARNING:2026-03-31 
14:59:22,684: Loading instance: CAPSTONE_PROJECT, 
plan: open
--- Testing IBM Cloud Simulator Topology Fetch ---

TOOL OUTPUT:
ERROR: Failed to fetch IBM Cloud topology: 'No backend matches the criteria. Learn more about available backends here https://quantum.cloud.ibm.com/docs/en/guides/qpu-information#view-your-resources'

--- Listing backends for channel: ibm_cloud ---
Connection Successful! Found 4 backends.
 >>> BACKEND: ibm_fez (156Q)
 >>> BACKEND: ibm_kingston (156Q)
 >>> BACKEND: ibm_marrakesh (156Q)
 >>> BACKEND: ibm_torino (133Q)

--- Listing backends for channel: ibm_quantum_platform ---
Connection Successful! Found 4 backends.
 >>> BACKEND: ibm_fez (156Q)
 >>> BACKEND: ibm_kingston (156Q)
 >>> BACKEND: ibm_marrakesh (156Q)
 >>> BACKEND: ibm_torino (133Q)
